// Vitest Snapshot v1, https://vitest.dev/guide/snapshot.html

exports[`CatalogPage > matches the rendered catalog page snapshot for a fixture item 1`] = `
<article
  aria-label="Channel Lounge Chair catalog page"
  class="catalog-page mx-auto bg-white text-neutral-950 shadow-xl catalog-page--edit-mode"
  style="font-family: "Source Sans 3", "Source Sans Pro", "Helvetica Neue", Arial, sans-serif;"
>
  <header
    class="catalog-header"
  >
    <div
      class="catalog-header-left"
    >
      <div
        class="gap-2 flex items-center"
      >
        <h1
          class="catalog-header-title"
        >
          <span
            class="catalog-header-id"
          >
            LR-CH-01
          </span>
        </h1>
        <div
          aria-label="Name for Channel Lounge Chair"
          class="cursor-pointer rounded px-1 -mx-1 transition-colors hover:bg-brand-50 min-w-0 inline-block text-[18px]"
          role="button"
          tabindex="0"
        >
          <span
            class="catalog-header-name"
          >
            CHANNEL LOUNGE CHAIR
          </span>
        </div>
      </div>
    </div>
    <div
      class="catalog-header-right"
    >
      <p
        class="catalog-header-project"
      >
        OCEAN HOUSE
      </p>
      <p
        class="catalog-header-subtitle catalog-header-subtitle-empty"
      >
        PROJECT DETAILS - OPTIONAL
      </p>
    </div>
  </header>
  <div
    class="catalog-content-block"
  >
    <section
      class="catalog-main"
    >
      <div
        class="catalog-main-left catalog-main-left-center"
      >
        <div
          class="catalog-image-block"
        >
          <div
            class="catalog-qty-band catalog-qty-band-compact"
          >
            <div
              class="catalog-qty-label-row catalog-qty-label-row-compact"
            >
              <span
                class="catalog-spec-heading"
              >
                QUANTITY: 
                2
              </span>
            </div>
          </div>
          <div
            class="catalog-image-hover-wrapper"
          >
            <div
              class="catalog-rendering-square catalog-rendering-square-center"
              data-main-image-alignment="center"
            >
              <div
                class="grid gap-1"
              >
                <div
                  class="relative overflow-hidden bg-white catalog-rendering-frame border-0 shadow-none rounded-none"
                >
                  <div
                    class="flex h-full w-full flex-col items-center justify-center gap-1 text-center text-neutral-400 bg-canvas-shell catalog-placeholder catalog-placeholder--dashed"
                  >
                    <div
                      class="catalog-placeholder-upload-hint"
                    >
                      <svg
                        aria-hidden="true"
                        class="h-5 w-5"
                        fill="none"
                        viewBox="0 0 20 20"
                      >
                        <path
                          d="M7.5 3.5L8.75 2h2.5L12.5 3.5H16a1 1 0 011 1v9a1 1 0 01-1 1H4a1 1 0 01-1-1v-9a1 1 0 011-1h3.5z"
                          stroke="currentColor"
                          stroke-linejoin="round"
                          stroke-width="1.4"
                        />
                        <circle
                          cx="10"
                          cy="9.5"
                          r="2.5"
                          stroke="currentColor"
                          stroke-width="1.4"
                        />
                      </svg>
                      <span>
                        CL
                      </span>
                    </div>
                  </div>
                </div>
              </div>
            </div>
          </div>
        </div>
      </div>
      <div
        class="catalog-main-right"
      >
        <h2
          class="catalog-spec-heading"
        >
          PRODUCT SPECIFICATIONS
        </h2>
        <div
          class="catalog-spec-dim"
        >
          <div
            aria-label="Dimensions for Channel Lounge Chair"
            class="cursor-pointer rounded px-1 -mx-1 transition-colors hover:bg-brand-50"
            role="button"
            tabindex="0"
          >
            <span
              class="catalog-spec-dim-text"
            >
              32"W x 34"D x 30"H
            </span>
          </div>
        </div>
        <div
          class="catalog-spec-desc"
        >
          <div
            aria-label="Description for Channel Lounge Chair"
            class="cursor-pointer rounded px-1 -mx-1 transition-colors hover:bg-brand-50 block"
            role="button"
            tabindex="0"
          >
            <p
              class="catalog-spec-desc-text"
            >
              Sculpted lounge chair with a channeled seat and relaxed residential scale.
            </p>
          </div>
        </div>
        <div
          class="catalog-notes-block"
        >
          <div
            aria-label="Notes for Channel Lounge Chair"
            class="cursor-pointer rounded px-1 -mx-1 transition-colors hover:bg-brand-50 block w-full"
            role="button"
            tabindex="0"
          >
            <p
              class="catalog-notes-text"
            >
              Use performance fabric and confirm COM yardage before order.
            </p>
          </div>
        </div>
        <div
          class="justify-self-end"
        >
          <h2
            class="catalog-spec-heading catalog-sub-heading"
          >
            FINISH SCHEDULE
          </h2>
          <div
            class="catalog-materials-row"
          >
            <div
              class="catalog-material-cell"
            >
              <div
                class="catalog-material-swatch"
              >
                <span
                  aria-hidden="true"
                  class="h-10 w-10 rounded-full shrink-0 bg-canvas-shell !h-[60px] !w-[60px]"
                />
              </div>
              <span
                class="catalog-material-id"
              >
                FAB-001
              </span>
              <span
                class="catalog-material-name"
              >
                Ivory
              </span>
            </div>
            <div
              aria-hidden="true"
              class="catalog-material-cell catalog-material-cell-empty"
            >
              <div
                class="catalog-material-swatch catalog-material-swatch-placeholder"
              />
              <span
                class="catalog-material-id"
              >
                ID
              </span>
              <span
                class="catalog-material-name"
              >
                MATERIAL
              </span>
              <span
                class="catalog-material-color"
              >
                COLOR
              </span>
            </div>
            <div
              aria-hidden="true"
              class="catalog-material-cell catalog-material-cell-empty"
            >
              <div
                class="catalog-material-swatch catalog-material-swatch-placeholder"
              />
              <span
                class="catalog-material-id"
              >
                ID
              </span>
              <span
                class="catalog-material-name"
              >
                MATERIAL
              </span>
              <span
                class="catalog-material-color"
              >
                COLOR
              </span>
            </div>
            <div
              aria-hidden="true"
              class="catalog-material-cell catalog-material-cell-empty"
            >
              <div
                class="catalog-material-swatch catalog-material-swatch-placeholder"
              />
              <span
                class="catalog-material-id"
              >
                ID
              </span>
              <span
                class="catalog-material-name"
              >
                MATERIAL
              </span>
              <span
                class="catalog-material-color"
              >
                COLOR
              </span>
            </div>
          </div>
        </div>
      </div>
    </section>
    <div
      class="catalog-bottom-row"
    >
      <div
        class="catalog-options-strip"
      >
        <div
          class="catalog-option-grid"
        >
          <div
            class="catalog-option-slot"
          >
            <div
              class="catalog-option-ghost"
            />
          </div>
          <div
            class="catalog-option-slot"
          >
            <div
              class="catalog-option-ghost"
            />
          </div>
        </div>
      </div>
      <div
        class="catalog-location-block"
      >
        <div
          class="catalog-location-content"
        >
          <h2
            class="catalog-spec-heading"
          >
            LOCATION
          </h2>
          <p
            class="catalog-location-label"
          >
            <span
              class="catalog-location-value"
            >
              Living Room
            </span>
          </p>
          <div
            class="catalog-plan-frame"
            data-plan-image-size="thumbnail"
          >
            <div
              class="grid gap-1"
            >
              <div
                class="relative overflow-hidden bg-white border-0 shadow-none h-full w-full rounded-none"
              >
                <div
                  class="flex h-full w-full flex-col items-center justify-center gap-1 text-center text-neutral-400 bg-canvas-shell catalog-plan-placeholder catalog-plan-placeholder--dashed"
                >
                  <span
                    class="catalog-plan-placeholder-text"
                  >
                    LOCATION
                    <br />
                    SNIPPET
                  </span>
                </div>
              </div>
            </div>
          </div>
        </div>
      </div>
    </div>
  </div>
  <section
    class="catalog-approval-band"
  >
    <div
      class="catalog-approval-header"
    >
      <span
        class="catalog-section-label"
      >
        CLIENT SIGN-OFF
      </span>
      <button
        aria-label="Remove client approval section"
        class="no-print catalog-approval-remove"
        type="button"
      >
        <svg
          aria-hidden="true"
          class="h-3.5 w-3.5"
          fill="none"
          viewBox="0 0 16 16"
        >
          <path
            d="M3 3l10 10M13 3L3 13"
            stroke="currentColor"
            stroke-linecap="round"
            stroke-width="1.8"
          />
        </svg>
      </button>
    </div>
    <div
      class="catalog-approval-row"
    >
      <div
        class="catalog-approval-field catalog-signature-field"
      >
        <div
          class="catalog-approval-line"
        />
        <span>
          Authorized Signature
        </span>
      </div>
      <div
        class="catalog-approval-field catalog-approval-date"
      >
        <div
          class="catalog-approval-line"
        />
        <span>
          Date
        </span>
      </div>
      <div
        class="catalog-approval-checks"
      >
        <label>
          <input
            class="catalog-approval-check-input"
            type="checkbox"
          />
          Approved with revisions
        </label>
        <label>
          <input
            class="catalog-approval-check-input"
            type="checkbox"
          />
          Approved as presented
        </label>
      </div>
    </div>
  </section>
  <footer
    class="catalog-footer"
  >
    <span />
    <span
      class="catalog-footer-center"
    />
    <span
      class="catalog-footer-page"
    >
      <span
        class="catalog-footer-page-num"
      >
        PAGE 
        1
         of 
        3
      </span>
    </span>
  </footer>
</article>
`;
