// Vitest Snapshot v1, https://vitest.dev/guide/snapshot.html

exports[`CatalogPage > matches the rendered catalog page snapshot for a fixture item 1`] = `
<article
  aria-label="Channel Lounge Chair catalog page"
  class="catalog-page mx-auto grid bg-white text-gray-950 shadow-xl"
>
  <header
    class="catalog-header"
  >
    <div
      class="min-w-0"
    >
      <p>
        Ocean House
      </p>
      <p
        class="catalog-client-line"
      >
        Harbor & Pine
      </p>
    </div>
    <span>
      Living Room
    </span>
  </header>
  <section
    class="catalog-top-section"
  >
    <div
      class="catalog-title-row"
    >
      <span
        class="catalog-item-id"
      >
        LR-CH-01
      </span>
      <div
        aria-label="Item name for Channel Lounge Chair"
        class="cursor-pointer rounded px-1 -mx-1 transition-colors hover:bg-brand-50 min-w-0 flex-1"
        role="button"
        tabindex="0"
      >
        <h1
          class="catalog-item-name"
        >
          Channel Lounge Chair
        </h1>
      </div>
    </div>
    <div
      class="catalog-dimensions-row"
    >
      <div
        aria-label="Dimensions for Channel Lounge Chair"
        class="cursor-pointer rounded px-1 -mx-1 transition-colors hover:bg-brand-50"
        role="button"
        tabindex="0"
      >
        <span
          class="catalog-dimensions-text"
        >
          32"W x 34"D x 30"H
        </span>
      </div>
    </div>
  </section>
  <section
    class="catalog-second-section"
  >
    <div
      class="catalog-rendering-panel"
    >
      <div
        class="catalog-rendering-frame"
      >
        <div
          class="grid gap-1"
        >
          <div
            class="relative overflow-hidden rounded-md border border-gray-200 bg-surface-muted shadow-sm border-0 shadow-none"
          >
            <div
              class="flex h-full w-full flex-col items-center justify-center gap-1 text-center text-gray-400 bg-surface-muted catalog-placeholder"
            >
              <span>
                CL
              </span>
            </div>
          </div>
        </div>
      </div>
    </div>
    <div
      class="catalog-notes-panel"
    >
      <div
        class="catalog-description-row"
      >
        <div
          aria-label="Description for Channel Lounge Chair"
          class="cursor-pointer rounded px-1 -mx-1 transition-colors hover:bg-brand-50 block"
          role="button"
          tabindex="0"
        >
          <p
            class="catalog-description-summary"
          >
            Sculpted lounge chair with a channeled seat and relaxed residential scale.
          </p>
        </div>
      </div>
      <div
        class="catalog-section-label"
      >
        Notes
      </div>
      <div
        class="catalog-notes-content"
      >
        <div
          aria-label="Notes for Channel Lounge Chair"
          class="cursor-pointer rounded px-1 -mx-1 transition-colors hover:bg-brand-50 block h-full w-full"
          role="button"
          tabindex="0"
        >
          <p
            class="catalog-notes h-full overflow-y-auto whitespace-pre-wrap"
          >
            Use performance fabric and confirm COM yardage before order.
          </p>
        </div>
      </div>
      <div
        class="catalog-cost-row"
      >
        <span>
          Unit cost
        </span>
        <strong>
          $2,450.00
        </strong>
      </div>
    </div>
  </section>
  <section
    class="catalog-third-section"
  >
    <div
      class="catalog-options-strip"
    >
      <button
        class="no-print catalog-add-option-btn"
        type="button"
      >
        <svg
          aria-hidden="true"
          class="h-3.5 w-3.5"
          fill="none"
          viewBox="0 0 16 16"
        >
          <path
            d="M8 3v10M3 8h10"
            stroke="currentColor"
            stroke-linecap="round"
            stroke-width="1.8"
          />
        </svg>
        Add option
      </button>
      <input
        accept="image/jpeg,image/png,image/webp,image/gif"
        class="sr-only"
        type="file"
      />
    </div>
    <div
      class="catalog-materials-strip"
    >
      <div
        class="catalog-section-label"
      >
        Materials
      </div>
      <div
        class="catalog-materials-grid"
      >
        <div
          class="catalog-material-card"
        >
          <div
            class="grid gap-1"
          >
            <div
              class="relative overflow-hidden rounded-md border border-gray-200 bg-surface-muted shadow-sm h-20 w-20 rounded-full shrink-0 border-gray-200 shadow-none "
            >
              <div
                class="flex h-full w-full flex-col items-center justify-center gap-1 text-center text-gray-400 bg-surface-muted bg-white"
              >
                <span
                  aria-hidden="true"
                  class="h-full w-full rounded-full"
                  style="background-color: rgb(232, 226, 214);"
                />
              </div>
            </div>
          </div>
          <span
            class="catalog-material-label"
          >
            Ivory boucle
          </span>
        </div>
      </div>
    </div>
  </section>
  <section
    class="catalog-approval-band"
  >
    <div
      class="catalog-section-label catalog-approval-label"
    >
      Client Approval
    </div>
    <div
      class="catalog-approval-row"
    >
      <div
        class="catalog-approval-field"
      >
        <div
          class="catalog-approval-line"
        />
        <span>
          Authorized Signature
        </span>
      </div>
      <div
        class="catalog-approval-field catalog-approval-date"
      >
        <div
          class="catalog-approval-line"
        />
        <span>
          Date
        </span>
      </div>
      <div
        class="catalog-approval-checks"
      >
        <label>
          <input
            class="catalog-approval-check-input"
            type="checkbox"
          />
          Approved with revisions
        </label>
        <label>
          <input
            class="catalog-approval-check-input"
            type="checkbox"
          />
          Approved as presented
        </label>
      </div>
    </div>
  </section>
  <footer
    class="catalog-footer"
  >
    <span>
      1
       of 
      3
    </span>
    <span>
      ocean-house
    </span>
    <div
      aria-label="Item ID for Channel Lounge Chair"
      class="cursor-pointer rounded px-1 -mx-1 transition-colors hover:bg-brand-50 justify-self-end"
      role="button"
      tabindex="0"
    >
      <span
        class="font-mono text-xs text-gray-500"
      >
        LR-CH-01
      </span>
    </div>
  </footer>
</article>
`;
